SX1272.c:26:5:millis	8	static
SX1272.c:34:5:max	16	static
SX1272.c:46:9:BSP_SX1272_ON	32	static
SX1272.c:100:6:BSP_SX1272_OFF	16	static
SX1272.c:123:6:BSP_SX1272_clearFlags	24	static
SX1272.c:169:9:BSP_SX1272_setLORA	24	static
SX1272.c:221:9:BSP_SX1272_setFSK	24	static
SX1272.c:294:9:BSP_SX1272_getMode	24	static
SX1272.c:358:8:BSP_SX1272_setMode	32	static
SX1272.c:595:9:BSP_SX1272_getHeader	16	static
SX1272.c:651:8:BSP_SX1272_setHeaderON	24	static
SX1272.c:713:8:BSP_SX1272_setHeaderOFF	24	static
SX1272.c:774:9:BSP_SX1272_getCRC	24	static
SX1272.c:850:9:BSP_SX1272_setCRC_ON	24	static
SX1272.c:916:9:BSP_SX1272_setCRC_OFF	24	static
SX1272.c:978:9:BSP_SX1272_isSF	16	static
SX1272.c:1013:8:BSP_SX1272_getSF	16	static
SX1272.c:1061:9:BSP_SX1272_setSF	32	static
SX1272.c:1259:9:BSP_SX1272_isBW	16	static
SX1272.c:1290:8:BSP_SX1272_getBW	16	static
SX1272.c:1345:8:BSP_SX1272_setBW	32	static
SX1272.c:1464:9:BSP_SX1272_isCR	16	static
SX1272.c:1496:8:BSP_SX1272_getCR	16	static
SX1272.c:1546:8:BSP_SX1272_setCR	32	static
SX1272.c:1645:9:BSP_SX1272_isChannel	16	static
SX1272.c:1696:9:BSP_SX1272_getChannel	24	static
SX1272.c:1742:8:BSP_SX1272_setChannel	48	static
SX1272.c:1825:9:BSP_SX1272_getPower	24	static
SX1272.c:1864:8:BSP_SX1272_setPower	32	static
SX1272.c:1926:9:BSP_SX1272_getPreambleLength	24	static
SX1272.c:1980:9:BSP_SX1272_setPreambleLength	32	static
SX1272.c:2033:9:BSP_SX1272_getPayloadLength	16	static
SX1272.c:2076:8:BSP_SX1272_setPacketLength	32	static
SX1272.c:2134:9:BSP_SX1272_getNodeAddress	24	static
SX1272.c:2187:8:BSP_SX1272_setNodeAddress	32	static
SX1272.c:2265:8:BSP_SX1272_getSNR	24	static
SX1272.c:2316:9:BSP_SX1272_getRSSI	32	static
SX1272.c:2379:9:BSP_SX1272_getRSSIpacket	24	static
SX1272.c:2432:9:BSP_SX1272_setRetries	24	static
SX1272.c:2475:9:BSP_SX1272_getMaxCurrent	16	static
SX1272.c:2529:8:BSP_SX1272_setMaxCurrent	32	static
SX1272.c:2578:9:BSP_SX1272_getRegs	24	static
SX1272.c:2706:9:BSP_SX1272_truncPayload	24	static
SX1272.c:2737:9:BSP_SX1272_setACK	16	static
SX1272.c:2814:9:BSP_SX1272_receive	16	static
SX1272.c:2880:9:BSP_SX1272_receivePacketMAXTimeout	8	static
SX1272.c:2892:9:BSP_SX1272_receivePacketTimeout	32	static
SX1272.c:2935:9:BSP_SX1272_receivePacketTimeouACK	32	static
SX1272.c:3018:9:BSP_SX1272_receiveAll	32	static
SX1272.c:3060:9:BSP_SX1272_availableData	32	static
SX1272.c:3252:9:BSP_SX1272_getPacketMAXTimeout	8	static
SX1272.c:3267:8:BSP_SX1272_getPacket	40	static
SX1272.c:3536:8:BSP_SX1272_setDestination	24	static
SX1272.c:3576:9:BSP_SX1272_setTimeout	24	static
SX1272.c:3644:7:BSP_SX1272_timeOnAir	88	static
SX1272.c:3688:9:BSP_SX1272_setPayload	32	static
SX1272.c:3774:9:BSP_SX1272_setPacket	32	static
SX1272.c:3952:9:BSP_SX1272_sendWithMAXTimeout	8	static
SX1272.c:3964:9:BSP_SX1272_sendWithTimeout	32	static
SX1272.c:4057:9:BSP_SX1272_sendPacketMAXTimeout	16	static
SX1272.c:4083:9:BSP_SX1272_sendPacketTimeout	40	static
SX1272.c:4145:9:BSP_SX1272_sendPacketMAXTimeoutACK	16	static
SX1272.c:4179:9:BSP_SX1272_sendPacketTimeoutACK	40	static
SX1272.c:4289:9:BSP_SX1272_getACK	40	static
SX1272.c:4444:9:BSP_SX1272_sendPacketMAXTimeoutACKRetries	16	static
SX1272.c:4480:9:BSP_SX1272_sendPacketTimeoutACKRetries	40	static
SX1272.c:4548:9:BSP_SX1272_getTemp	24	static
SX1272.c:4602:9:BSP_SX1272_cadDetected	24	static
